// Vitest Snapshot v1, https://vitest.dev/guide/snapshot.html

exports[`blogPost > should have the same html output 1`] = `
"<div class="prose prose-custom max-w-prose dark:prose-invert lg:prose-lg mx-auto prose-h1:font-medium">
  <article>
    <h1 data-pagefind-weight="10" data-pagefind-meta="title">Title</h1>
    <div class="not-prose" data-pagefind-ignore="">
      <div class="relative flex items-center gap-x-4 mb-8" data-testid="author-information" username="author" company="[object Object]" id="" stem="" extension="" meta="[object Object]">
        <figure itemscope="" itemtype="https://schema.org/ImageObject" itemprop="image" class="h-10 w-10 rounded-full">
          <picture>
            <source type="image/avif" sizes="50px" srcset="/_ipx/w_50&amp;f_avif&amp;q_80/JEROEN-4238-SQUARE.jpeg 50w, /_ipx/w_100&amp;f_avif&amp;q_80/JEROEN-4238-SQUARE.jpeg 100w">
            <source type="image/webp" sizes="50px" srcset="/_ipx/w_50&amp;f_webp&amp;q_80/JEROEN-4238-SQUARE.jpeg 50w, /_ipx/w_100&amp;f_webp&amp;q_80/JEROEN-4238-SQUARE.jpeg 100w">
            <source type="image/jpg" sizes="50px" srcset="/_ipx/w_50&amp;f_jpg&amp;q_80/JEROEN-4238-SQUARE.jpeg 50w, /_ipx/w_100&amp;f_jpg&amp;q_80/JEROEN-4238-SQUARE.jpeg 100w">
            <source type="image/webp" sizes="50px" srcset="/_ipx/w_50&amp;f_webp&amp;q_80/JEROEN-4238-SQUARE.jpeg 50w, /_ipx/w_100&amp;f_webp&amp;q_80/JEROEN-4238-SQUARE.jpeg 100w"><img itemprop="thumbnailUrl" class="h-10 w-10 rounded-full aspect-[1/1] bg-slate-50 dark:bg-slate-900 object-cover" data-nuxt-pic="" alt="First LastName" src="/_ipx/w_100&amp;f_jpeg&amp;q_80/JEROEN-4238-SQUARE.jpeg" sizes="50px" srcset="/_ipx/w_50&amp;f_jpeg&amp;q_80/JEROEN-4238-SQUARE.jpeg 50w, /_ipx/w_100&amp;f_jpeg&amp;q_80/JEROEN-4238-SQUARE.jpeg 100w">
          </picture>
          <!--v-if-->
          <!--v-if-->
        </figure>
        <div class="text-sm leading-6">
          <p class="font-semibold text-gray-800 dark:text-gray-300"><a href="https://author.com/authors/author" rel="noopener noreferrer" target="_self" class="" data-testid="author-name">First LastName</a><span> · </span><a href="https://www.linkedin.com/in/author/" rel="noopener noreferrer" target="_self" class="bg-linear-to-r from-sky-600 to-sky-500 bg-clip-text text-transparent hover:from-sky-700 hover:to-sky-600 dark:from-sky-400 dark:to-sky-300 dark:hover:from-sky-500 dark:hover:to-sky-400" data-testid="author-url">Linkedin</a></p>
          <p class="text-gray-500 dark:text-gray-400"><span>11 min read</span><span> · </span><time>Nov 5, 2024</time></p>
        </div>
      </div>
      <div class="flex border-y border-gray-200 px-3 py-1 text-xs text-gray-500 dark:border-gray-400 dark:text-gray-400 md:py-1.5">
        <div title="read" class="me-4 flex h-8 items-center gap-1"><svg xmlns="http://www.w3.org/2000/svg" fill="none" viewBox="0 0 24 24" stroke-width="1.5" stroke="currentColor" aria-hidden="true" data-slot="icon" class="inline-block size-4">
            <path stroke-linecap="round" stroke-linejoin="round" d="M2.036 12.322a1.012 1.012 0 0 1 0-.639C3.423 7.51 7.36 4.5 12 4.5c4.638 0 8.573 3.007 9.963 7.178.07.207.07.431 0 .639C20.577 16.49 16.64 19.5 12 19.5c-4.638 0-8.573-3.007-9.963-7.178Z"></path>
            <path stroke-linecap="round" stroke-linejoin="round" d="M15 12a3 3 0 1 1-6 0 3 3 0 0 1 6 0Z"></path>
          </svg><span>11</span></div><button type="button" class="flex h-8 cursor-pointer items-center gap-1 transition-colors hover:text-sky-600 dark:hover:text-sky-400" aria-pressed="false" aria-label="likeThisArticle" title="likes"><svg xmlns="http://www.w3.org/2000/svg" fill="none" viewBox="0 0 24 24" stroke-width="1.5" stroke="currentColor" aria-hidden="true" data-slot="icon" class="inline-block size-4">
            <path stroke-linecap="round" stroke-linejoin="round" d="M6.633 10.25c.806 0 1.533-.446 2.031-1.08a9.041 9.041 0 0 1 2.861-2.4c.723-.384 1.35-.956 1.653-1.715a4.498 4.498 0 0 0 .322-1.672V2.75a.75.75 0 0 1 .75-.75 2.25 2.25 0 0 1 2.25 2.25c0 1.152-.26 2.243-.723 3.218-.266.558.107 1.282.725 1.282m0 0h3.126c1.026 0 1.945.694 2.054 1.715.045.422.068.85.068 1.285a11.95 11.95 0 0 1-2.649 7.521c-.388.482-.987.729-1.605.729H13.48c-.483 0-.964-.078-1.423-.23l-3.114-1.04a4.501 4.501 0 0 0-1.423-.23H5.904m10.598-9.75H14.25M5.904 18.5c.083.205.173.405.27.602.197.4-.078.898-.523.898h-.908c-.889 0-1.713-.518-1.972-1.368a12 12 0 0 1-.521-3.507c0-1.553.295-3.036.831-4.398C3.387 9.953 4.167 9.5 5 9.5h1.053c.472 0 .745.556.5.96a8.958 8.958 0 0 0-1.302 4.665c0 1.194.232 2.333.654 3.375Z"></path>
          </svg><span>5</span></button>
        <aside class="ms-auto flex h-8 items-center gap-2"><span>Share:</span>
          <div class="sharing-buttons flex flex-wrap gap-1"><a href="https://twitter.com/intent/tweet?url=https%3A%2F%2Fbach.software%2Fposts%2F1-vue-3_3-generics-and-conditional-properties&amp;text=Title" rel="noopener" target="_blank" class="ease inline-flex items-center rounded-full border-sky-600 bg-linear-to-r from-sky-600 to-sky-500 p-2 text-white transition duration-200 hover:from-sky-700 hover:to-sky-600" title="Share on X" arealabel="Share on X"><svg aria-hidden="true" fill="currentColor" xmlns="http://www.w3.org/2000/svg" viewBox="0 0 1200 1227" class="size-3">
                <path d="M714.163 519.284L1160.89 0H1055.03L667.137 450.887L357.328 0H0L468.492 681.821L0 1226.37H105.866L515.491 750.218L842.672 1226.37H1200L714.137 519.284H714.163ZM569.165 687.828L521.697 619.934L144.011 79.6944H306.615L611.412 515.685L658.88 583.579L1055.08 1150.3H892.476L569.165 687.854V687.828Z" fill="white"></path>
              </svg></a><a href="https://www.linkedIn.com/shareArticle?mini=true&amp;url=https%3A%2F%2Fbach.software%2Fposts%2F1-vue-3_3-generics-and-conditional-properties&amp;title=Title&amp;summary=Title&amp;source=https%3A%2F%2Fbach.software%2Fposts%2F1-vue-3_3-generics-and-conditional-properties" rel="noopener" target="_blank" class="ease inline-flex items-center rounded-full border-sky-600 bg-linear-to-r from-sky-600 to-sky-500 p-2 text-white transition duration-200 hover:from-sky-700 hover:to-sky-600" title="Share on Linkedin" arealabel="Share on Linkedin"><svg aria-hidden="true" fill="currentColor" xmlns="http://www.w3.org/2000/svg" viewBox="0 0 512 512" class="size-3">
                <path d="M136 183v283H42V183h94zm6-88c1 27-20 49-53 49-32 0-52-22-52-49 0-28 21-49 53-49s52 21 52 49zm333 208v163h-94V314c0-38-13-64-47-64-26 0-42 18-49 35-2 6-3 14-3 23v158h-94V183h94v41c12-20 34-48 85-48 62 0 108 41 108 127z"></path>
              </svg></a><a href="https://wa.me/?text=https%3A%2F%2Fbach.software%2Fposts%2F1-vue-3_3-generics-and-conditional-properties%20Title" rel="noopener" target="_blank" class="ease inline-flex items-center rounded-full border-sky-600 bg-linear-to-r from-sky-600 to-sky-500 p-2 text-white transition duration-200 hover:from-sky-700 hover:to-sky-600" title="Share on Whatsapp" arealabel="Share on Whatsapp"><svg aria-hidden="true" fill="currentColor" xmlns="http://www.w3.org/2000/svg" viewBox="0 0 512 512" class="size-3">
                <path d="M413 97A222 222 0 0 0 64 365L31 480l118-31a224 224 0 0 0 330-195c0-59-25-115-67-157zM256 439c-33 0-66-9-94-26l-7-4-70 18 19-68-4-7a185 185 0 0 1 287-229c34 36 56 82 55 131 1 102-84 185-186 185zm101-138c-5-3-33-17-38-18-5-2-9-3-12 2l-18 22c-3 4-6 4-12 2-32-17-54-30-75-66-6-10 5-10 16-31 2-4 1-7-1-10l-17-41c-4-10-9-9-12-9h-11c-4 0-9 1-15 7-5 5-19 19-19 46s20 54 23 57c2 4 39 60 94 84 36 15 49 17 67 14 11-2 33-14 37-27s5-24 4-26c-2-2-5-4-11-6z"></path>
              </svg></a><a href="mailto:?subject=Title&amp;body=https%3A%2F%2Fbach.software%2Fposts%2F1-vue-3_3-generics-and-conditional-properties" rel="noopener" target="_blank" class="ease inline-flex items-center rounded-full border-sky-600 bg-linear-to-r from-sky-600 to-sky-500 p-2 text-white transition duration-200 hover:from-sky-700 hover:to-sky-600" title="Share on Email" arealabel="Share on Email"><svg aria-hidden="true" fill="currentColor" xmlns="http://www.w3.org/2000/svg" viewBox="0 0 512 512" class="size-3">
                <path d="M464 64a48 48 0 0 1 29 86L275 314c-11 8-27 8-38 0L19 150a48 48 0 0 1 29-86h416zM218 339c22 17 54 17 76 0l218-163v208c0 35-29 64-64 64H64c-35 0-64-29-64-64V176l218 163z"></path>
              </svg></a></div>
        </aside>
      </div>
    </div>
    <content-renderer-stub excerpt="false" tag="div" components="[object Object]" data="[object Object]" unwrap="false" itemprop="articleBody" value="[object Object]"></content-renderer-stub>
  </article>
</div>"
`;
